// Jest Snapshot v1, https://goo.gl/fbAQLP

exports[`<HomeScreen /> renders correctly 1`] = `
<View
  style={
    Object {
      "alignItems": "center",
      "flexDirection": "column",
      "justifyContent": "center",
    }
  }
>
  <View
    style={
      Object {
        "padding": 10,
        "width": "40%",
      }
    }
  >
    <View
      accessibilityRole="button"
      accessibilityStates={Array []}
      accessible={true}
      focusable={true}
      isTVSelectable={true}
      onClick={[Function]}
      onResponderGrant={[Function]}
      onResponderMove={[Function]}
      onResponderRelease={[Function]}
      onResponderTerminate={[Function]}
      onResponderTerminationRequest={[Function]}
      onStartShouldSetResponder={[Function]}
      style={
        Object {
          "opacity": 1,
        }
      }
    >
      <View
        style={
          Array [
            Object {},
          ]
        }
      >
        <Text
          style={
            Array [
              Object {
                "color": "#007AFF",
                "fontSize": 18,
                "padding": 8,
                "textAlign": "center",
              },
            ]
          }
        >
          N채yt채 kartta
        </Text>
      </View>
    </View>
  </View>
  <View
    style={
      Object {
        "padding": 10,
        "width": "40%",
      }
    }
  >
    <View
      accessibilityRole="button"
      accessibilityStates={Array []}
      accessible={true}
      focusable={true}
      isTVSelectable={true}
      onClick={[Function]}
      onResponderGrant={[Function]}
      onResponderMove={[Function]}
      onResponderRelease={[Function]}
      onResponderTerminate={[Function]}
      onResponderTerminationRequest={[Function]}
      onStartShouldSetResponder={[Function]}
      style={
        Object {
          "opacity": 1,
        }
      }
    >
      <View
        style={
          Array [
            Object {},
          ]
        }
      >
        <Text
          style={
            Array [
              Object {
                "color": "#007AFF",
                "fontSize": 18,
                "padding": 8,
                "textAlign": "center",
              },
            ]
          }
        >
          Lis채채 havainto
        </Text>
      </View>
    </View>
  </View>
</View>
`;
